// Vitest Snapshot v1, https://vitest.dev/guide/snapshot.html

exports[`AutoGrid > 未给组件传入子节点 1`] = `"<div style=\\"display: grid; grid-template-columns: repeat(NaN, 1fr); column-gap: 0px; row-gap: 0px;\\"></div>"`;

exports[`AutoGrid > 给组件传入各个类型的子节点 1`] = `
"<div style=\\"display: grid; grid-template-columns: repeat(NaN, 1fr); column-gap: 0px; row-gap: 0px;\\">
  <div style=\\"overflow: hidden;\\"> 123 </div>
  <div style=\\"overflow: hidden;\\">
    <div>456</div>
  </div>
  <div style=\\"overflow: hidden;\\">
    <div style=\\"display: grid; grid-template-columns: repeat(NaN, 1fr); column-gap: 0px; row-gap: 0px;\\"></div>
  </div>
  <div style=\\"overflow: hidden;\\">
    <div>item-1</div>
  </div>
  <div style=\\"overflow: hidden;\\">
    <div>item-2</div>
  </div>
  <div style=\\"overflow: hidden;\\">
    <div>item-3</div>
  </div>
  <div style=\\"overflow: hidden;\\">
    <div>item-4</div>
  </div>
  <div style=\\"overflow: hidden;\\">
    <div>item-5</div>
  </div>
  <div style=\\"overflow: hidden;\\">
    <div>item-6</div>
  </div>
</div>"
`;
